// Vitest Snapshot v1, https://vitest.dev/guide/snapshot.html

exports[`AboutUs.page set of tests > Should [match snapshot] on render 1`] = `
<div
  class="_aboutus_840296"
  data-testid="about-us-page"
>
  <aside
    class="_single_structure_2107ce"
    data-testid="single-structure"
  >
    <div
      class="_content_ce19df"
      data-testid="content"
    >
      Content
      <main
        class="_main_7a8146"
        data-testid="main"
      >
        <h2
          class="_h2_d6c748"
          data-testid="h2"
        >
          About Us
        </h2>
        <div
          class="_loader_68fe6b"
          data-testid="loader"
          style="z-index: 9010;"
        >
          Loading...
        </div>
      </main>
    </div>
  </aside>
</div>
`;
