// Vitest Snapshot v1, https://vitest.dev/guide/snapshot.html

exports[`Author component set of tests > Should [match snapshot] on render 1`] = `
<div
  class="_author_ed08fe"
  data-testid="author"
>
  <p
    class="_text_866a1a"
    data-testid="text"
    style="font-family: inherit; font-weight: inherit; font-style: inherit; color: rgb(0, 0, 0); cursor: initial;"
  >
    undefined undefined
  </p>
</div>
`;
