// Vitest Snapshot v1, https://vitest.dev/guide/snapshot.html

exports[`ListItem component set of tests > Should [match snapshot] on render 1`] = `
<li
  class="_list_item_8a654b"
  data-testid="list-item"
>
  <strong
    class="_strong_3ed264"
    data-testid="strong"
    style="font-family: inherit; font-weight: inherit; font-style: inherit; color: rgb(0, 0, 0); cursor: inherit;"
  />
</li>
`;
