// Vitest Snapshot v1, https://vitest.dev/guide/snapshot.html

exports[`Pagination component set of tests > Should [match snapshot] on render 1`] = `
<nav
  aria-label="pages navigation"
  class="_pagination_f06b2e"
  data-testid="pagination"
>
  <button
    class="_button_e7dbe0"
    data-testid="pagination-button-prev"
  >
    &lt;- Prev
  </button>
  <button
    class="_button_e7dbe0"
    data-testid="pagination-button-next"
  >
    Next -&gt;
  </button>
</nav>
`;
