// Vitest Snapshot v1, https://vitest.dev/guide/snapshot.html

exports[`Posts page set of tests > Should [match snapshot] on render 1`] = `
<div
  class="_posts_e5ec46"
  data-testid="posts-page"
>
  <div
    class="_adaptive_render_648c2e"
    data-testid="adaptive-render"
  >
    <div
      class="_split_structure_d78199"
      data-testid="split-structure"
    >
      <div
        class="_first_item_d78199"
        data-testid="split-structure-first-item"
      >
        <div
          class="_content_ce19df"
          data-testid="content"
        >
          Content
          <main
            class="_main_9694fd"
            data-testid="main"
          >
            <header
              class="_header_a05500"
              data-testid="header"
            >
              <h2
                class="_h2_d6c748"
                data-testid="h2"
              >
                Posts
              </h2>
              <div
                class="_loader_68fe6b"
                data-testid="loader"
                style="z-index: 9010;"
              >
                Loading...
              </div>
            </header>
            <div
              class="_filter_1051df"
              data-testid="filter"
            >
              <div
                class="_search_bar_3bb1d7"
                data-testid="search-bar"
              >
                <input
                  class="_input_d5cc80"
                  data-testid="input"
                  value=""
                />
              </div>
            </div>
            <div
              class="_loader_68fe6b"
              data-testid="loader"
              style="z-index: 9010;"
            >
              Loading...
            </div>
            <nav
              aria-label="pages navigation"
              class="_pagination_f06b2e"
              data-testid="pagination"
            >
              <button
                class="_button_e7dbe0"
                data-testid="pagination-button-prev"
              >
                &lt;- Prev
              </button>
              <button
                class="_button_e7dbe0"
                data-testid="pagination-button-next"
              >
                Next -&gt;
              </button>
            </nav>
          </main>
        </div>
      </div>
      <div
        class="_second_item_d78199"
        data-testid="split-structure-second-item"
      >
        <aside
          class="_sidebar_273ffd"
          data-testid="sidebar"
        />
      </div>
    </div>
  </div>
</div>
`;
