// Vitest Snapshot v1, https://vitest.dev/guide/snapshot.html

exports[`PrivacyPolicy.page set of tests > Should [match snapshot] on render 1`] = `
<div
  class="_privacy_policy_0b5413"
  data-testid="privacy-policy-page"
>
  <div
    class="_adaptive_render_3f7500"
    data-testid="adaptive-render"
  >
    <div
      class="_split_structure_bf3db2"
      data-testid="split-structure"
    >
      <div
        class="_first_item_bf3db2"
        data-testid="split-structure-first-item"
      >
        <div
          class="_content_acf8f7"
          data-testid="content"
        >
          Content
          <main
            class="_main_b87cb0"
            data-testid="main"
          >
            <div
              class="_loader_0519e8"
              data-testid="loader"
              style="z-index: 9010;"
            >
              Loading...
            </div>
          </main>
        </div>
      </div>
      <div
        class="_second_item_bf3db2"
        data-testid="split-structure-second-item"
      />
    </div>
  </div>
</div>
`;
