// Vitest Snapshot v1, https://vitest.dev/guide/snapshot.html

exports[`Shelf component set of tests > Should [match snapshot] on normal render 1`] = `
<div
  class="_shelf_bcfb92 _bottom_bcfb92"
  data-testid="app-shelf"
/>
`;

exports[`Shelf component set of tests > Should [match snapshot] on passing 'layout=bottom' 1`] = `
<div
  class="_shelf_bcfb92 _bottom_bcfb92"
  data-testid="app-shelf"
/>
`;
